// Jest Snapshot v1, https://goo.gl/fbAQLP

exports[`Dashboard component test Dashboard component should match snapshot 1`] = `
<section
  aria-label="to do list in table"
  className="to-do--list-container"
>
  <section>
    <span>
      TODO Data Not Available
    </span>
  </section>
</section>
`;
