// Jest Snapshot v1, https://goo.gl/fbAQLP

exports[`Header component test Header component should match snapshot 1`] = `
<nav
  aria-label="tv show header"
  className="app-header navbar navbar-expand navbar-dark bg-dark"
  data-testid="header"
>
  <div
    className="container"
  >
    <span
      className="flex-header--item-left navbar-brand"
    >
      <span>
        TODO APP
      </span>
    </span>
    <span
      className="flex-header--item-right navbar-brand"
    >
      <button
        className="button"
        data-testid="header-btn"
        onClick={[Function]}
      >
        Add TODO
      </button>
    </span>
  </div>
  <div
    className="navbar-nav"
    onKeyDown={[Function]}
  />
</nav>
`;
