// Jest Snapshot v1, https://goo.gl/fbAQLP

exports[`AddToDo component test AddToDo component should match snapshot 1`] = `
<section
  aria-label="add todo form with text box"
  className="to-do-container"
  data-testid="add-todo-component"
>
  <input
    aria-label="add todo text box"
    className="text-add-todo"
    data-testid="add-todo-text-box"
    onChange={[Function]}
    placeholder="Add New TODO"
    type="text"
    value="check"
  />
  <button
    aria-label="add todo save button"
    className="button"
    data-testid="add-todo-save-button"
    onClick={[Function]}
  >
    Save
  </button>
</section>
`;
