// Jest Snapshot v1, https://goo.gl/fbAQLP

exports[`ToDoList component test ToDoList component should match snapshot 1`] = `
<section
  aria-label="to do list in table"
  className="to-do--list-container"
>
  <div
    className="to-do--list-inner-container"
    data-testid="list-todo-component"
  >
    <span
      aria-label="to do text"
      className="to-do--list-inner-item-one"
      data-testid="list-todo-text-span"
    >
      check
    </span>
    <span
      aria-label="to do edit button"
      className="to-do--list-inner-item-two"
    >
      <button
        data-testid="list-todo-edit-btn"
        onClick={[Function]}
      >
        Edit
      </button>
    </span>
    <span
      aria-label="to do delete button"
      className="to-do--list-inner-item-three"
    >
      <button
        data-testid="list-todo-delete-btn"
        onClick={[Function]}
      >
        Delete
      </button>
    </span>
  </div>
</section>
`;
